Script started on Tue 07 Jan 2014 11:49:44 PM PST
hyunchan@gentoo:~$ cd Lab1
hyunchan@gentoo:~/Lab1$ cd Labfiles
hyunchan@gentoo:~/Lab1/Labfiles$ ls
alien.c  a.out	Background.pdf	changeIt  firstTest.sh	hello.c  LAB_01-1  Lab1File1.in  Lab1File2.in  phonenumbers.txt  prob3.test1  tan.c
hyunchan@gentoo:~/Lab1/Labfiles$ ls - [Kla
total 180
drwx------ 3 hyunchan them     14 Jan  7 23:43 .
drwx------ 3 hyunchan them      3 Jan  7 20:48 ..
-rwx------ 1 hyunchan them    497 Jan  7 21:41 alien.c
-rwx------ 1 hyunchan them   8427 Jan  7 23:43 a.out
-rwx------ 1 hyunchan them 155683 Jan  7 20:48 Background.pdf
-rwx------ 1 hyunchan them     66 Jan  7 20:48 changeIt
-rwx------ 1 hyunchan them    200 Jan  7 20:48 firstTest.sh
-rwx------ 1 hyunchan them    496 Jan  7 21:20 hello.c
drwx------ 2 hyunchan them     11 Jan  7 20:50 LAB_01-1
-rwx------ 1 hyunchan them     24 Jan  7 20:48 Lab1File1.in
-rwx------ 1 hyunchan them     29 Jan  7 20:48 Lab1File2.in
-rwx------ 1 hyunchan them     89 Jan  7 20:48 phonenumbers.txt
-rwx------ 1 hyunchan them     72 Jan  7 20:48 prob3.test1
-rwx------ 1 hyunchan them    390 Jan  7 23:43 tan.c
hyunchan@gentoo:~/Lab1/Labfiles$ [Khyunchan@gentoo:~/Lab1/Labfiles$ [Khyunchan@gentoo:~/Lab1/Labfiles$ gcc -S -o hello.c
gcc: fatal error: no input files
compilation terminated.
hyunchan@gentoo:~/Lab1/Labfiles$ gcc -S -o hello.c[C[1@O[1P[C[1@-[1@O[1@2[1@ 
gcc: fatal error: no input files
compilation terminated.
hyunchan@gentoo:~/Lab1/Labfiles$ gcc -O2 -S -o hello.c[C[C[C[1Phello.c[1Phello.c[1Phello.c[1Phello.c hello.c[1P[1P[1P[1P[1P[1@ 
hyunchan@gentoo:~/Lab1/Labfiles$ ls -la
total 181
drwx------ 3 hyunchan them     15 Jan  8 00:00 .
drwx------ 3 hyunchan them      3 Jan  7 20:48 ..
-rwx------ 1 hyunchan them    497 Jan  7 21:41 alien.c
-rwx------ 1 hyunchan them   8427 Jan  7 23:43 a.out
-rwx------ 1 hyunchan them 155683 Jan  7 20:48 Background.pdf
-rwx------ 1 hyunchan them     66 Jan  7 20:48 changeIt
-rwx------ 1 hyunchan them    200 Jan  7 20:48 firstTest.sh
-rwx------ 1 hyunchan them    496 Jan  7 21:20 hello.c
-rw------- 1 hyunchan them    486 Jan  8 00:00 hello.s
drwx------ 2 hyunchan them     11 Jan  7 20:50 LAB_01-1
-rwx------ 1 hyunchan them     24 Jan  7 20:48 Lab1File1.in
-rwx------ 1 hyunchan them     29 Jan  7 20:48 Lab1File2.in
-rwx------ 1 hyunchan them     89 Jan  7 20:48 phonenumbers.txt
-rwx------ 1 hyunchan them     72 Jan  7 20:48 prob3.test1
-rwx------ 1 hyunchan them    390 Jan  7 23:43 tan.c
hyunchan@gentoo:~/Lab1/Labfiles$ nano hello.s
[?1049h[1;38r(B[m[4l[?7h[?12l[?25h[?1h=[?1h=[?1h=[39;49m[39;49m(B[m[H[2J(B[0;7m  GNU nano 2.2.6               File: hello.s                                    [3;9H(B[0m[32m.file[39m(B[m   (B[0;1m[33m"hello.c"[4;9H(B[0m[32m.section[4;25H[39m(B[m.rodata[5d(B[0;1m[31m.LC0:[6;9H[39m(B[m.string (B[0;1m[33m"hello, world"[7;9H[32m.text[8;9H(B[0m[32m.globl[39m(B[m  main[9;9H[32m.type[39m(B[m   main, @function[10d(B[0;1m[31mmain:[11d.LFB0:[12;9H[39m(B[m.cfi_startproc[13;9Hpushq   %rbp[14;9H.cfi_def_cfa_offset 16[15;9H.cfi_offset 6, -16[16;9Hmovq    %rsp, %rbp[17;9H.cfi_def_cfa_register 6[18;9Hsubq    $16, %rsp[19;9Hmovl    %edi, -4(%rbp)[20;9Hmovq    %rsi, -16(%rbp)[21;9Hmovl    $.LC0, %edi[22;9Hcall    puts[23;9Hleave[24;9H.cfi_def_cfa 7, 8[25;9Hret[26;9H.cfi_endproc[27d(B[0;1m[31m.LFE0:[28;9H(B[0m[32m.size[39m(B[m   main, .-main[29;9H.ident  (B[0;1m[33m"GCC: (Ubuntu/Linaro 4.6.3-1ubuntu5) 4.6.3"[30;9H(B[0m[32m.section[30;25H[39m(B[m.note.[31mGNU[39m(B[m-stack,(B[0;1m[33m""[39m(B[m,@progbits[36;32H(B[0;7m[ Read 28 lines ][37d^G(B[m Get Help  (B[0;7m^O(B[m WriteOut  (B[0;7m^R(B[m Read File (B[0;7m^Y(B[m Prev Page (B[0;7m^K(B[m Cut Text  (B[0;7m^C(B[m Cur Pos[38d(B[0;7m^X(B[m Exit[14G(B[0;7m^J(B[m Justify   (B[0;7m^W(B[m Where Is  (B[0;7m^V(B[m Next Page (B[0;7m^U(B[m UnCut Text(B[0;7m^T(B[m To Spell[3d[37d[J[38;80H[38;1H[?1049l[?1l>hyunchan@gentoo:~/Lab1/Labfiles$ w[Kexit
exit

Script done on Wed 08 Jan 2014 12:02:28 AM PST
