Script started on Tue 07 Jan 2014 11:37:26 PM PST
hyunchan@gentoo:~$ cd Lab1
hyunchan@gentoo:~/Lab1$ cs[Kd Labfiles
hyunchan@gentoo:~/Lab1/Labfiles$ ls
alien.c		changeIt      LAB_01-1	    phonenumbers.txt
a.out		firstTest.sh  Lab1File1.in  prob3.test1
Background.pdf	hello.c       Lab1File2.in  tan.c
hyunchan@gentoo:~/Lab1/Labfiles$ lscd Labfiles1[K[3Pexitls -al[1Placd Labfiles1[K[4Ppwdmv typescript KIM_HYUNCHAN_pprob#2.script[C[C[C[C[C[C[C[C[C[C[C[C[C[C[C[C[C[C[C[C[C[C[C[C[C[C[C[C[C[C[C[C[Cscript[K[2Pexit./a.outgcc alien.c[1@nano[C[C[C[C[C[C[C[C[5P./a.outgcc alien.c[1@nano[C[C[C[C[C[C[C[Cein.ccp hello.c alien.c[11P./a.outgcc hello.cnano alien.c[6Pls -lacd Labfiles1[K[3Pexit./a.outgcc alien.c[5Pls -lacd Labfiles1[K[3Pexit./a.outgcc alien.c[1@nano[C[C[C[C[C[C[C[C[6Pls -lacp hello.c alien.c[11P./a.outcp hello.c alien.c[11P./a.outgcc hello.c[1Pman printfcd LabfilesFiles1[Kmv typescript KIM_HYUNCHAN_pprob#1.script[K[K[K[K[K[K[K[K[K[K[K[K[K[K[K[K[K[K[K[K[K[K[K[K[K[K[K[K[K[K[K[K[K[K[K[K[K[K[K[K[Kna[K[Kman tan
[?1049h[?1h=TAN(3)                     Linux Programmer's Manual                    TAN(3)[m
[m
[1mNAME[0m[m
       tan, tanf, tanl - tangent function[m
[m
[1mSYNOPSIS[0m[m
       [1m#include[0m [1m<math.h>[0m[m
[m
       [1mdouble[0m [1mtan(double[0m [4mx[24m[1m);[0m[m
       [1mfloat[0m [1mtanf(float[0m [4mx[24m[1m);[0m[m
       [1mlong[0m [1mdouble[0m [1mtanl(long[0m [1mdouble[0m [4mx[24m[1m);[0m[m
[m
       Link with [4m-lm[24m.[m
[m
   Feature Test Macro Requirements for glibc (see [1mfeature_test_macros[0m(7)):[m
[m
       [1mtanf[0m(), [1mtanl[0m():[m
           _BSD_SOURCE || _SVID_SOURCE || _XOPEN_SOURCE >= 600 ||[m
           _ISOC99_SOURCE || _POSIX_C_SOURCE >= 200112L;[m
           or [4mcc[24m [4m-std=c99[24m[m
[m
[1mDESCRIPTION[0m[m
       The [1mtan[0m() function returns the tangent of [4mx[24m, where [4mx[24m is given in  radi‚Äê[m
[7m Manual page tan(3) line 1 (press h for help or q to quit)[27m[K[H[2J[HTAN(3)                     Linux Programmer's Manual                    TAN(3)[m
[m
[1mNAME[0m[m
       tan, tanf, tanl - tangent function[m
[m
[1mSYNOPSIS[0m[m
       [1m#include[0m [1m<math.h>[0m[m
[m
       [1mdouble[0m [1mtan(double[0m [4mx[24m[1m);[0m[m
       [1mfloat[0m [1mtanf(float[0m [4mx[24m[1m);[0m[m
       [1mlong[0m [1mdouble[0m [1mtanl(long[0m [1mdouble[0m [4mx[24m[1m);[0m[m
[m
       Link with [4m-lm[24m.[m
[m
   Feature Test Macro Requirements for glibc (see [1mfeature_test_macros[0m(7)):[m
[m
       [1mtanf[0m(), [1mtanl[0m():[m
           _BSD_SOURCE || _SVID_SOURCE || _XOPEN_SOURCE >= 600 ||[m
           _ISOC99_SOURCE || _POSIX_C_SOURCE >= 200112L;[m
           or [4mcc[24m [4m-std=c99[24m[m
[m
[1mDESCRIPTION[0m[m
       The [1mtan[0m() function returns the tangent of [4mx[24m, where [4mx[24m is given in  radi‚Äê[m
       ans.[m
[m
[1mRETURN[0m [1mVALUE[0m[m
       On success, these functions return the tangent of [4mx[24m.[m
[m
       If [4mx[24m is a NaN, a NaN is returned.[m
[m
       If  [4mx[24m is positive infinity or negative infinity, a domain error occurs,[m
       and a NaN is returned.[m
[m
       If the correct result would overflow, a range  error  occurs,  and  the[m
       functions  return [1mHUGE_VAL[0m, [1mHUGE_VALF[0m, or [1mHUGE_VALL[0m, respectively, with[m
       the mathematically correct sign.[m
[m
[1mERRORS[0m[m
       See [1mmath_error[0m(7) for information on how to determine whether an  error[m
       has occurred when calling these functions.[m
[m
       The following errors can occur:[m
[m
       Domain error: [4mx[24m is an infinity[m
              [4merrno[24m  is set to [1mEDOM[0m (but see BUGS).  An invalid floating-point[m
[7m Manual page tan(3) line 1 (press h for help or q to quit)[27m[K[K[?1l>[?1049lhyunchan@gentoo:~/Lab1/Labfiles$ nano tanc[K.c
[?1049h[1;46r(B[m[4l[?7h[?12l[?25h[?1h=[?1h=[?1h=[39;49m[39;49m(B[m[H[2J(B[0;7m  GNU nano 2.2.6                                         File: tan.c                                                                                          [3;1H(B[0;1m[34m/* main returns an integer */[5d[36m#include[39m(B[m (B[0;1m[33m<stdio.h>[7d(B[0m[32mint[8d[39m(B[mmain([32mint[39m(B[m argc, [32mchar[39m(B[m *argv[])[9d{[10;5H(B[0;1m[34m/* printf is our output function;[11;7H[1K by default, writes to standard out */[12;5H/* printf returns an integer, but we ignore that */(B[0m[42m [13;5H[49m(B[mprintf((B[0;1m[33m"hello, world\n"[39m(B[m);[14;5Hprintf((B[0;1m[33m"the tangent of 90 is: %d"[39m(B[m, tan(90));[16;5H(B[0;1m[34m/* return 0 to indicate all went well */[17;5H(B[0m[35mreturn[39m(B[m(0);[42m [18d[49m(B[m}[44;71H(B[0;7m[ Read 17 lines ][45d^G(B[m Get Help[45;27H(B[0;7m^O(B[m WriteOut[45;53H(B[0;7m^R(B[m Read File[45;79H(B[0;7m^Y(B[m Prev Page[45;105H(B[0;7m^K(B[m Cut Text[45;131H(B[0;7m^C(B[m Cur Pos[46d(B[0;7m^X(B[m Exit[46;27H(B[0;7m^J(B[m Justify[46;53H(B[0;7m^W(B[m Where Is[46;79H(B[0;7m^V(B[m Next Page[46;105H(B[0;7m^U(B[m UnCut Text[46;131H(B[0;7m^T(B[m To Spell[3d[4d[5d[6d[1;149H(B[0;7mModified[6d(B[m#includ(B[0;1m[36m#include[39m(B[m[42m [49m(B[m <math.h[10G(B[0;1m[33m<math.h>[39m(B[m7[7;43r8[7dM[1;46r[7;1H[8d[9d[10d[11d[44d[K[12d[13d[14d[15d    printf([C[C[C[C[C[C[C[C[C[C[C[C[C[C[C[29G[C[32G[C[C[C[C[C[1P(B[0;1m[33mn"[39m(B[m, tan(90));[15;37H[44d(B[0;7mSave modified buffer (ANSWERING "No" WILL DESTROY CHANGES) ?                                                                                                  [45;1H Y(B[m Yes[K[46d(B[0;7m N(B[m No  [46;17H(B[0;7m^C(B[m Cancel[K[44;62H(B[0;7mFile Name to Write: tan.c                                   [45d^G(B[m Get Help[45;40H(B[0;7mM-D(B[m DOS Format[45;79H(B[0;7mM-A(B[m Append[45;118H(B[0;7mM-B(B[m Backup File[46d(B[0;7m^C(B[m Cancel[17G         [46;40H(B[0;7mM-M(B[m Mac Format[46;79H(B[0;7mM-P(B[m Prepend[44;26H[45d[39;49m(B[m[J[1;149H(B[0;7m        [44;70H(B[m[1K (B[0;7m[ Wrote 18 lines ](B[m[K[46;158H[46;1H[?1049l[?1l>hyunchan@gentoo:~/Lab1/Labfiles$ gcc nano[K[K[K[Ktan.c
tan.c: In function ‚Äòmain‚Äô:
tan.c:13:5: warning: format ‚Äò%n‚Äô expects argument of type ‚Äòint *‚Äô, but argument 2 has type ‚Äòdouble‚Äô [-Wformat]
hyunchan@gentoo:~/Lab1/Labfiles$ gcc tan.c[1@nano[C[C[C[C[C[C[3Pman tan
[?1049h[?1h=TAN(3)                                                           Linux Programmer's Manual                                                          TAN(3)[m
[m
[1mNAME[0m[m
       tan, tanf, tanl - tangent function[m
[m
[1mSYNOPSIS[0m[m
       [1m#include[0m [1m<math.h>[0m[m
[m
       [1mdouble[0m [1mtan(double[0m [4mx[24m[1m);[0m[m
       [1mfloat[0m [1mtanf(float[0m [4mx[24m[1m);[0m[m
       [1mlong[0m [1mdouble[0m [1mtanl(long[0m [1mdouble[0m [4mx[24m[1m);[0m[m
[m
       Link with [4m-lm[24m.[m
[m
   Feature Test Macro Requirements for glibc (see [1mfeature_test_macros[0m(7)):[m
[m
       [1mtanf[0m(), [1mtanl[0m():[m
           _BSD_SOURCE || _SVID_SOURCE || _XOPEN_SOURCE >= 600 || _ISOC99_SOURCE || _POSIX_C_SOURCE >= 200112L;[m
           or [4mcc[24m [4m-std=c99[24m[m
[m
[1mDESCRIPTION[0m[m
       The [1mtan[0m() function returns the tangent of [4mx[24m, where [4mx[24m is given in radians.[m
[m
[1mRETURN[0m [1mVALUE[0m[m
       On success, these functions return the tangent of [4mx[24m.[m
[m
       If [4mx[24m is a NaN, a NaN is returned.[m
[m
       If [4mx[24m is positive infinity or negative infinity, a domain error occurs, and a NaN is returned.[m
[m
       If  the  correct  result  would  overflow, a range error occurs, and the functions return [1mHUGE_VAL[0m, [1mHUGE_VALF[0m, or [1mHUGE_VALL[0m, respectively, with the[m
       mathematically correct sign.[m
[m
[1mERRORS[0m[m
       See [1mmath_error[0m(7) for information on how to determine whether an error has occurred when calling these functions.[m
[m
       The following errors can occur:[m
[m
       Domain error: [4mx[24m is an infinity[m
              [4merrno[24m is set to [1mEDOM[0m (but see BUGS).  An invalid floating-point exception ([1mFE_INVALID[0m) is raised.[m
[m
       Range error: result overflow[m
              An overflow floating-point exception ([1mFE_OVERFLOW[0m) is raised.[m
[m
[1mCONFORMING[0m [1mTO[0m[m
[7m Manual page tan(3) line 1 (press h for help or q to quit)[27m[K[K [KESCESC[KOO[KBB[K       C99, POSIX.1-2001.  The variant returning [4mdouble[24m also conforms to SVr4, 4.3BSD, C89.[m
[7m Manual page tan(3) line 2 (press h for help or q to quit)[27m[K[K [KESCESC[KOO[KBB[K[m
[7m Manual page tan(3) line 5 (press h for help or q to quit)[27m[K[K [KESCESC[KOO[KBB[K[1mBUGS[0m[m
[7m Manual page tan(3) line 6 (press h for help or q to quit)[27m[K[K [KESCESC[KOO[KBB[K       Before version 2.10, the glibc implementation did not set [4merrno[24m to [1mEDOM[0m when a domain error occurred.[m
[7m Manual page tan(3) line 7 (press h for help or q to quit)[27m[K[K [KESCESC[KOO[KBB[K[m
[7m Manual page tan(3) line 8 (press h for help or q to quit)[27m[K[K [KESCESC[KOO[KBB[K[1mSEE[0m [1mALSO[0m[m
[7m Manual page tan(3) line 9 (press h for help or q to quit)[27m[K[K [KESCESC[KOO[KBB[K       [1macos[0m(3), [1masin[0m(3), [1matan[0m(3), [1matan2[0m(3), [1mcos[0m(3), [1mctan[0m(3), [1msin[0m(3)[m
[7m Manual page tan(3) line 10 (press h for help or q to quit)[27m[K[K [KESCESC[KOO[KBB[K[m
[7m Manual page tan(3) line 11 (press h for help or q to quit)[27m[K[K [KESCESC[KOO[KBB[K[1mCOLOPHON[0m[m
[7m Manual page tan(3) line 12 (press h for help or q to quit)[27m[K[K [KESCESC[KOO[KBB[K       This page is part of release 3.35 of the Linux [4mman-pages[24m project.  A description of the project, and information about reporting bugs, can be found[m
[7m Manual page tan(3) line 13 (press h for help or q to quit)[27m[K[K [KESCESC[KOO[KBB[K       at http://man7.org/linux/man-pages/.[m
[7m Manual page tan(3) line 14 (press h for help or q to quit)[27m[K[K [KESCESC[KOO[KBB[K[m
[7m Manual page tan(3) line 15 (press h for help or q to quit)[27m[K[K [KESCESC[KOO[KBB[K                                                                        2010-09-11                                                                  TAN(3)[m
[7m Manual page tan(3) line 16 (press h for help or q to quit)[27m[K[K [KESCESC[KOO[KBB[K[K[7m Manual page tan(3) line 16/62 (END) (press h for help or q to quit)[27m[K[K [KESCESC[KOO[KBB[K[K[7m Manual page tan(3) line 16/62 (END) (press h for help or q to quit)[27m[K[K[?1l>[?1049lhyunchan@gentoo:~/Lab1/Labfiles$ man tangcc tan.c[1@nano[C[C[C[C[C[C
[?1049h[1;46r(B[m[4l[?7h[?12l[?25h[?1h=[?1h=[?1h=[39;49m[39;49m(B[m[H[2J(B[0;7m  GNU nano 2.2.6                                         File: tan.c                                                                                          [3;1H(B[0;1m[34m/* main returns an integer */[5d[36m#include[39m(B[m (B[0;1m[33m<stdio.h>[6d[36m#include[39m(B[m (B[0;1m[33m<math.h>[8d(B[0m[32mint[9d[39m(B[mmain([32mint[39m(B[m argc, [32mchar[39m(B[m *argv[])[10d{[11;5H(B[0;1m[34m/* printf is our output function;[12;7H[1K by default, writes to standard out */[13;5H/* printf returns an integer, but we ignore that */(B[0m[42m [14;5H[49m(B[mprintf((B[0;1m[33m"hello, world\n"[39m(B[m);[15;5Hprintf((B[0;1m[33m"the tangent of 90 is: %n"[39m(B[m, tan(90));[17;5H(B[0;1m[34m/* return 0 to indicate all went well */[18;5H(B[0m[35mreturn[39m(B[m(0);[42m [19d[49m(B[m}[44;71H(B[0;7m[ Read 18 lines ][45d^G(B[m Get Help[45;27H(B[0;7m^O(B[m WriteOut[45;53H(B[0;7m^R(B[m Read File[45;79H(B[0;7m^Y(B[m Prev Page[45;105H(B[0;7m^K(B[m Cut Text[45;131H(B[0;7m^C(B[m Cur Pos[46d(B[0;7m^X(B[m Exit[46;27H(B[0;7m^J(B[m Justify[46;53H(B[0;7m^W(B[m Where Is[46;79H(B[0;7m^V(B[m Next Page[46;105H(B[0;7m^U(B[m UnCut Text[46;131H(B[0;7m^T(B[m To Spell[3d[4d[A[4d[5d[6d[7d[8d[9d[10d[11d[12d[13d[14d[15d    pr[44d[K[15;8Hntf([C[C[C[C[C[C[C[C[C[C[C[C[C[C[C[C[C[C[C[C[C[C[C[C[C[C[1;149H(B[0;7mModified[15;36H(B[m[1P(B[0;1m[33mf"[39m(B[m, tan(90));[15;37H[44d(B[0;7mSave modified buffer (ANSWERING "No" WILL DESTROY CHANGES) ?                                                                                                  [45;1H Y(B[m Yes[K[46d(B[0;7m N(B[m No  [46;17H(B[0;7m^C(B[m Cancel[K[44;62H(B[0;7mFile Name to Write: tan.c                                   [45d^G(B[m Get Help[45;40H(B[0;7mM-D(B[m DOS Format[45;79H(B[0;7mM-A(B[m Append[45;118H(B[0;7mM-B(B[m Backup File[46d(B[0;7m^C(B[m Cancel[17G         [46;40H(B[0;7mM-M(B[m Mac Format[46;79H(B[0;7mM-P(B[m Prepend[44;26H[45d[39;49m(B[m[J[1;149H(B[0;7m        [44;70H(B[m[1K (B[0;7m[ Wrote 18 lines ](B[m[K[46;158H[46;1H[?1049l[?1l>hyunchan@gentoo:~/Lab1/Labfiles$ nano tan.c[3Pman tangcc tan.c
hyunchan@gentoo:~/Lab1/Labfiles$ ./a.out
hello, world
the tangent of 90 is: -1.995200hyunchan@gentoo:~/Lab1/Labfiles$ ./a.outgcc tan.c[1@nano[C[C[C[C[C[C[3Pman tannano tan.c
[?1049h[1;46r(B[m[4l[?7h[?12l[?25h[?1h=[?1h=[?1h=[39;49m[39;49m(B[m[H[2J(B[0;7m  GNU nano 2.2.6                                         File: tan.c                                                                                          [3;1H(B[0;1m[34m/* main returns an integer */[5d[36m#include[39m(B[m (B[0;1m[33m<stdio.h>[6d[36m#include[39m(B[m (B[0;1m[33m<math.h>[8d(B[0m[32mint[9d[39m(B[mmain([32mint[39m(B[m argc, [32mchar[39m(B[m *argv[])[10d{[11;5H(B[0;1m[34m/* printf is our output function;[12;7H[1K by default, writes to standard out */[13;5H/* printf returns an integer, but we ignore that */(B[0m[42m [14;5H[49m(B[mprintf((B[0;1m[33m"hello, world\n"[39m(B[m);[15;5Hprintf((B[0;1m[33m"the tangent of 90 is: %f"[39m(B[m, tan(90));[17;5H(B[0;1m[34m/* return 0 to indicate all went well */[18;5H(B[0m[35mreturn[39m(B[m(0);[42m [19d[49m(B[m}[44;71H(B[0;7m[ Read 18 lines ][45d^G(B[m Get Help[45;27H(B[0;7m^O(B[m WriteOut[45;53H(B[0;7m^R(B[m Read File[45;79H(B[0;7m^Y(B[m Prev Page[45;105H(B[0;7m^K(B[m Cut Text[45;131H(B[0;7m^C(B[m Cur Pos[46d(B[0;7m^X(B[m Exit[46;27H(B[0;7m^J(B[m Justify[46;53H(B[0;7m^W(B[m Where Is[46;79H(B[0;7m^V(B[m Next Page[46;105H(B[0;7m^U(B[m UnCut Text[46;131H(B[0;7m^T(B[m To Spell[3d[4d[5d[6d[7d[8d[9d[10d[11d[12d[13d[14d[15d    pri[44d[K[15;9Htf([C[C[C[C[C[C[C[C[C[C[C[C[C[C[C[C[C[C[C[C[C[C[C[C[C[1;149H(B[0;7mModified[15;37H(B[0;1m[33m\"[39m(B[m, tan(90));[15;38H(B[0;1m[33mn"[39m(B[m, tan(90));[15;39H[44d(B[0;7mSave modified buffer (ANSWERING "No" WILL DESTROY CHANGES) ?                                                                                                  [45;1H Y(B[m Yes[K[46d(B[0;7m N(B[m No  [46;17H(B[0;7m^C(B[m Cancel[K[44;62H(B[0;7mFile Name to Write: tan.c                                   [45d^G(B[m Get Help[45;40H(B[0;7mM-D(B[m DOS Format[45;79H(B[0;7mM-A(B[m Append[45;118H(B[0;7mM-B(B[m Backup File[46d(B[0;7m^C(B[m Cancel[17G         [46;40H(B[0;7mM-M(B[m Mac Format[46;79H(B[0;7mM-P(B[m Prepend[44;26H[45d[39;49m(B[m[J[1;149H(B[0;7m        [44;70H(B[m[1K (B[0;7m[ Wrote 18 lines ](B[m[K[46;158H[46;1H[?1049l[?1l>hyunchan@gentoo:~/Lab1/Labfiles$ nano tan.c[3P./a.outgcc tan.c
hyunchan@gentoo:~/Lab1/Labfiles$ gcc tan.c[1@nano[C[C[C[C[C[C[3P./a.out
hello, world
the tangent of 90 is: -1.995200
hyunchan@gentoo:~/Lab1/Labfiles$ exit
exit

Script done on Tue 07 Jan 2014 11:47:20 PM PST
